#
# There is insufficient memory for the Java Runtime Environment to continue.
# Native memory allocation (malloc) failed to allocate 1181216 bytes. Error detail: Chunk::new
# Possible reasons:
#   The system is out of physical RAM or swap space
#   This process is running with CompressedOops enabled, and the Java Heap may be blocking the growth of the native heap
# Possible solutions:
#   Reduce memory load on the system
#   Increase physical memory or swap space
#   Check if swap backing store is full
#   Decrease Java heap size (-Xmx/-Xms)
#   Decrease number of Java threads
#   Decrease Java thread stack sizes (-Xss)
#   Set larger code cache with -XX:ReservedCodeCacheSize=
#   JVM is running with Unscaled Compressed Oops mode in which the Java heap is
#     placed in the first 4GB address space. The Java Heap base address is the
#     maximum limit for the native heap growth. Please use -XX:HeapBaseMinAddress
#     to set the Java Heap base and to place the Java Heap above 4GB virtual address.
# This output file may be truncated or incomplete.
#
#  Out of Memory Error (arena.cpp:162), pid=25860, tid=27208
#
# JRE version: OpenJDK Runtime Environment Corretto-24.0.2.12.1 (24.0.2+12) (build 24.0.2+12-FR)
# Java VM: OpenJDK 64-Bit Server VM Corretto-24.0.2.12.1 (24.0.2+12-FR, mixed mode, sharing, tiered, compressed oops, compressed class ptrs, g1 gc, windows-amd64)
# No core dump will be written. Minidumps are not enabled by default on client versions of Windows
#

---------------  S U M M A R Y ------------

Command Line: -javaagent:C:\Program Files\JetBrains\IntelliJ IDEA 2025.2.1\lib\idea_rt.jar=50669 -Dfile.encoding=UTF-8 -Dsun.stdout.encoding=UTF-8 -Dsun.stderr.encoding=UTF-8 com.CertiSafe.secu.SecuApplication

Host: Intel(R) Core(TM) i5-8265U CPU @ 1.60GHz, 8 cores, 7G,  Windows 11 , 64 bit Build 26100 (10.0.26100.5074)
Time: Tue Aug 11 01:17:06 2026 Hora est. Pacífico, Sudamérica elapsed time: 39.532141 seconds (0d 0h 0m 39s)

---------------  T H R E A D  ---------------

Current thread (0x000001861b8c3ff0):  JavaThread "C2 CompilerThread2" daemon [_thread_in_native, id=27208, stack(0x00000042e5b00000,0x00000042e5c00000) (1024K)]


Current CompileTask:
C2:39532 6858   !   4       org.springframework.util.ReflectionUtils::doWithMethods (189 bytes)

Stack: [0x00000042e5b00000,0x00000042e5c00000]
Native frames: (J=compiled Java code, j=interpreted, Vv=VM code, C=native code)
V  [jvm.dll+0x73c799]  (no source info available)
V  [jvm.dll+0x9758e8]  (no source info available)
V  [jvm.dll+0x977d54]  (no source info available)
V  [jvm.dll+0x9783a3]  (no source info available)
V  [jvm.dll+0x2b0ff6]  (no source info available)
V  [jvm.dll+0xd2edf]  (no source info available)
V  [jvm.dll+0xd3144]  (no source info available)
V  [jvm.dll+0x329601]  (no source info available)
V  [jvm.dll+0x654ea3]  (no source info available)
V  [jvm.dll+0x27de09]  (no source info available)
V  [jvm.dll+0x276906]  (no source info available)
V  [jvm.dll+0x2742ec]  (no source info available)
V  [jvm.dll+0x1ef980]  (no source info available)
V  [jvm.dll+0x283f4a]  (no source info available)
V  [jvm.dll+0x2821d5]  (no source info available)
V  [jvm.dll+0x43946d]  (no source info available)
V  [jvm.dll+0x91908d]  (no source info available)
V  [jvm.dll+0x73af75]  (no source info available)
C  [ucrtbase.dll+0x37b0]  (no source info available)
C  [KERNEL32.DLL+0x2e8d7]  (no source info available)
C  [ntdll.dll+0x8d9c]  (no source info available)

Lock stack of current Java thread (top to bottom):


---------------  P R O C E S S  ---------------

Threads class SMR info:
_java_thread_list=0x000001861e70bdb0, length=21, elements={
0x00000185b8abd960, 0x00000185d55109f0, 0x00000185d5513140, 0x00000185d5518890,
0x00000185d5519710, 0x00000185d551b3c0, 0x00000185d551dfa0, 0x00000185d5529d70,
0x00000185d552a8f0, 0x00000185d5d80980, 0x000001861b1d9890, 0x000001861b1d9fd0,
0x00000185d5ef0490, 0x00000185d5f80ea0, 0x000001861cb627e0, 0x000001861cb63680,
0x000001861cb64520, 0x000001861cb64c70, 0x000001861cb62f30, 0x000001861b298e60,
0x000001861b8c3ff0
}

Java Threads: ( => current thread )
  0x00000185b8abd960 JavaThread "main"                              [_thread_blocked, id=10628, stack(0x00000042e3d00000,0x00000042e3e00000) (1024K)]
  0x00000185d55109f0 JavaThread "Reference Handler"          daemon [_thread_blocked, id=1636, stack(0x00000042e4500000,0x00000042e4600000) (1024K)]
  0x00000185d5513140 JavaThread "Finalizer"                  daemon [_thread_blocked, id=24924, stack(0x00000042e4600000,0x00000042e4700000) (1024K)]
  0x00000185d5518890 JavaThread "Signal Dispatcher"          daemon [_thread_blocked, id=4052, stack(0x00000042e4700000,0x00000042e4800000) (1024K)]
  0x00000185d5519710 JavaThread "Attach Listener"            daemon [_thread_blocked, id=1808, stack(0x00000042e4800000,0x00000042e4900000) (1024K)]
  0x00000185d551b3c0 JavaThread "Service Thread"             daemon [_thread_blocked, id=2156, stack(0x00000042e4900000,0x00000042e4a00000) (1024K)]
  0x00000185d551dfa0 JavaThread "Monitor Deflation Thread"   daemon [_thread_blocked, id=21764, stack(0x00000042e4a00000,0x00000042e4b00000) (1024K)]
  0x00000185d5529d70 JavaThread "C2 CompilerThread0"         daemon [_thread_in_native, id=5216, stack(0x00000042e4b00000,0x00000042e4c00000) (1024K)]
  0x00000185d552a8f0 JavaThread "C1 CompilerThread0"         daemon [_thread_blocked, id=25888, stack(0x00000042e4c00000,0x00000042e4d00000) (1024K)]
  0x00000185d5d80980 JavaThread "Common-Cleaner"             daemon [_thread_blocked, id=14020, stack(0x00000042e4d00000,0x00000042e4e00000) (1024K)]
  0x000001861b1d9890 JavaThread "Monitor Ctrl-Break"         daemon [_thread_in_native, id=17928, stack(0x00000042e4e00000,0x00000042e4f00000) (1024K)]
  0x000001861b1d9fd0 JavaThread "Notification Thread"        daemon [_thread_blocked, id=6800, stack(0x00000042e4f00000,0x00000042e5000000) (1024K)]
  0x00000185d5ef0490 JavaThread "Thread-0"                          [_thread_blocked, id=18692, stack(0x00000042e5000000,0x00000042e5100000) (1024K)]
  0x00000185d5f80ea0 JavaThread "restartedMain"                     [_thread_in_Java, id=25904, stack(0x00000042e5100000,0x00000042e5200000) (1024K)]
  0x000001861cb627e0 JavaThread "Catalina-utility-1"                [_thread_blocked, id=9192, stack(0x00000042e5c00000,0x00000042e5d00000) (1024K)]
  0x000001861cb63680 JavaThread "Catalina-utility-2"                [_thread_blocked, id=24408, stack(0x00000042e5d00000,0x00000042e5e00000) (1024K)]
  0x000001861cb64520 JavaThread "container-0"                       [_thread_blocked, id=20396, stack(0x00000042e5e00000,0x00000042e5f00000) (1024K)]
  0x000001861cb64c70 JavaThread "Cleaner-0"                  daemon [_thread_blocked, id=26508, stack(0x00000042e6000000,0x00000042e6100000) (1024K)]
  0x000001861cb62f30 JavaThread "HikariPool-1:housekeeper"   daemon [_thread_blocked, id=25880, stack(0x00000042e6100000,0x00000042e6200000) (1024K)]
  0x000001861b298e60 JavaThread "C2 CompilerThread1"         daemon [_thread_in_native, id=12524, stack(0x00000042e5300000,0x00000042e5400000) (1024K)]
=>0x000001861b8c3ff0 JavaThread "C2 CompilerThread2"         daemon [_thread_in_native, id=27208, stack(0x00000042e5b00000,0x00000042e5c00000) (1024K)]
Total: 21

Other Threads:
  0x00000185d5500e70 VMThread "VM Thread"                           [id=8876, stack(0x00000042e4400000,0x00000042e4500000) (1024K)]
  0x00000185d53bc370 WatcherThread "VM Periodic Task Thread"        [id=17600, stack(0x00000042e4300000,0x00000042e4400000) (1024K)]
  0x00000185b8b16240 WorkerThread "GC Thread#0"                     [id=14396, stack(0x00000042e3e00000,0x00000042e3f00000) (1024K)]
  0x000001861bbe50d0 WorkerThread "GC Thread#1"                     [id=24300, stack(0x00000042e5400000,0x00000042e5500000) (1024K)]
  0x000001861bb28870 WorkerThread "GC Thread#2"                     [id=21524, stack(0x00000042e5500000,0x00000042e5600000) (1024K)]
  0x000001861bd2c480 WorkerThread "GC Thread#3"                     [id=26804, stack(0x00000042e5600000,0x00000042e5700000) (1024K)]
  0x000001861bed7700 WorkerThread "GC Thread#4"                     [id=26916, stack(0x00000042e5700000,0x00000042e5800000) (1024K)]
  0x000001861bed7ab0 WorkerThread "GC Thread#5"                     [id=26088, stack(0x00000042e5800000,0x00000042e5900000) (1024K)]
  0x000001861bee8ea0 WorkerThread "GC Thread#6"                     [id=25776, stack(0x00000042e5900000,0x00000042e5a00000) (1024K)]
  0x000001861bee9650 WorkerThread "GC Thread#7"                     [id=27284, stack(0x00000042e5a00000,0x00000042e5b00000) (1024K)]
  0x00000185b67fde80 ConcurrentGCThread "G1 Main Marker"            [id=19400, stack(0x00000042e3f00000,0x00000042e4000000) (1024K)]
  0x00000185b67fe8a0 WorkerThread "G1 Conc#0"                       [id=1640, stack(0x00000042e4000000,0x00000042e4100000) (1024K)]
  0x000001861bee9a00 WorkerThread "G1 Conc#1"                       [id=24620, stack(0x00000042e5200000,0x00000042e5300000) (1024K)]
  0x00000185d53aa000 ConcurrentGCThread "G1 Refine#0"               [id=16876, stack(0x00000042e4100000,0x00000042e4200000) (1024K)]
  0x00000185d53ab840 ConcurrentGCThread "G1 Service"                [id=15444, stack(0x00000042e4200000,0x00000042e4300000) (1024K)]
Total: 15

Threads with active compile tasks:
C2 CompilerThread0  41635 6623       4       jdk.internal.classfile.impl.UnboundAttribute$AdHocAttribute::writeTo (49 bytes)
C2 CompilerThread1  41636 6827 % !   4       org.springframework.beans.factory.support.DefaultListableBeanFactory::doGetBeanNamesForType @ 20 (527 bytes)
C2 CompilerThread2  41636 6858   !   4       org.springframework.util.ReflectionUtils::doWithMethods (189 bytes)
Total: 3

VM state: not at safepoint (normal execution)

VM Mutex/Monitor currently owned by a thread: None

Heap address: 0x0000000082c00000, size: 2004 MB, Compressed Oops mode: 32-bit

CDS archive(s) mapped at: [0x00000185d6000000-0x00000185d6d40000-0x00000185d6d40000), size 13893632, SharedBaseAddress: 0x00000185d6000000, ArchiveRelocationMode: 1.
Compressed class space mapped at: 0x00000185d7000000-0x0000018617000000, reserved size: 1073741824
UseCompressedClassPointers 1, UseCompactObjectHeaders 0
Narrow klass pointer bits 32, Max shift 3
Narrow klass base: 0x00000185d6000000, Narrow klass shift: 0
Encoding Range: [0x00000185d6000000 - 0x00000186d6000000), (4294967296 bytes)
Klass Range:    [0x00000185d6000000 - 0x0000018617000000), (1090519040 bytes)
Klass ID Range:  [8 - 1090519033) (1090519025)

GC Precious Log:
 CardTable entry size: 512
 Card Set container configuration: InlinePtr #cards 5 size 8 Array Of Cards #cards 10 size 36 Howl #buckets 4 coarsen threshold 1843 Howl Bitmap #cards 512 size 80 coarsen threshold 460 Card regions per heap region 1 cards per card region 2048
 CPUs: 8 total, 8 available
 Memory: 8013M
 Large Page Support: Disabled
 NUMA Support: Disabled
 Compressed Oops: Enabled (32-bit)
 Heap Region Size: 1M
 Heap Min Capacity: 8M
 Heap Initial Capacity: 126M
 Heap Max Capacity: 2004M
 Pre-touch: Disabled
 Parallel Workers: 8
 Concurrent Workers: 2
 Concurrent Refinement Workers: 8
 Periodic GC: Disabled

Heap:
 garbage-first heap   total reserved 2052096K, committed 65536K, used 41069K [0x0000000082c00000, 0x0000000100000000)
  region size 1024K, 12 young (12288K), 3 survivors (3072K)
 Metaspace       used 68066K, committed 68736K, reserved 1114112K
  class space    used 7317K, committed 7616K, reserved 1048576K

Heap Regions: E=young(eden), S=young(survivor), O=old, HS=humongous(starts), HC=humongous(continues), CS=collection set, F=free, TAMS=top-at-mark-start, PB=parsable bottom
|   0|0x0000000082c00000, 0x0000000082d00000, 0x0000000082d00000|100%|HS|  |TAMS 0x0000000082c00000| PB 0x0000000082c00000| Complete |  0
|   1|0x0000000082d00000, 0x0000000082e00000, 0x0000000082e00000|100%| O|  |TAMS 0x0000000082d00000| PB 0x0000000082d00000| Untracked |  0
|   2|0x0000000082e00000, 0x0000000082f00000, 0x0000000082f00000|100%| O|  |TAMS 0x0000000082e00000| PB 0x0000000082e00000| Untracked |  0
|   3|0x0000000082f00000, 0x0000000083000000, 0x0000000083000000|100%| O|  |TAMS 0x0000000082f00000| PB 0x0000000082f00000| Untracked |  0
|   4|0x0000000083000000, 0x0000000083100000, 0x0000000083100000|100%| O|  |TAMS 0x0000000083000000| PB 0x0000000083000000| Untracked |  0
|   5|0x0000000083100000, 0x0000000083200000, 0x0000000083200000|100%| O|  |TAMS 0x0000000083100000| PB 0x0000000083100000| Untracked |  0
|   6|0x0000000083200000, 0x0000000083300000, 0x0000000083300000|100%| O|  |TAMS 0x0000000083200000| PB 0x0000000083200000| Untracked |  0
|   7|0x0000000083300000, 0x0000000083400000, 0x0000000083400000|100%| O|  |TAMS 0x0000000083300000| PB 0x0000000083300000| Untracked |  0
|   8|0x0000000083400000, 0x0000000083500000, 0x0000000083500000|100%| O|  |TAMS 0x0000000083400000| PB 0x0000000083400000| Untracked |  0
|   9|0x0000000083500000, 0x0000000083600000, 0x0000000083600000|100%| O|  |TAMS 0x0000000083500000| PB 0x0000000083500000| Untracked |  0
|  10|0x0000000083600000, 0x0000000083700000, 0x0000000083700000|100%| O|  |TAMS 0x0000000083600000| PB 0x0000000083600000| Untracked |  0
|  11|0x0000000083700000, 0x0000000083800000, 0x0000000083800000|100%| O|  |TAMS 0x0000000083700000| PB 0x0000000083700000| Untracked |  0
|  12|0x0000000083800000, 0x0000000083900000, 0x0000000083900000|100%| O|  |TAMS 0x0000000083800000| PB 0x0000000083800000| Untracked |  0
|  13|0x0000000083900000, 0x0000000083900000, 0x0000000083a00000|  0%| F|  |TAMS 0x0000000083900000| PB 0x0000000083900000| Untracked |  0
|  14|0x0000000083a00000, 0x0000000083b00000, 0x0000000083b00000|100%| O|  |TAMS 0x0000000083a00000| PB 0x0000000083a00000| Untracked |  0
|  15|0x0000000083b00000, 0x0000000083c00000, 0x0000000083c00000|100%| O|  |TAMS 0x0000000083b00000| PB 0x0000000083b00000| Untracked |  0
|  16|0x0000000083c00000, 0x0000000083d00000, 0x0000000083d00000|100%| O|  |TAMS 0x0000000083c00000| PB 0x0000000083c00000| Untracked |  0
|  17|0x0000000083d00000, 0x0000000083e00000, 0x0000000083e00000|100%| O|  |TAMS 0x0000000083d00000| PB 0x0000000083d00000| Untracked |  0
|  18|0x0000000083e00000, 0x0000000083f00000, 0x0000000083f00000|100%| O|  |TAMS 0x0000000083e00000| PB 0x0000000083e00000| Untracked |  0
|  19|0x0000000083f00000, 0x0000000084000000, 0x0000000084000000|100%| O|  |TAMS 0x0000000083f00000| PB 0x0000000083f00000| Untracked |  0
|  20|0x0000000084000000, 0x0000000084100000, 0x0000000084100000|100%| O|  |TAMS 0x0000000084000000| PB 0x0000000084000000| Untracked |  0
|  21|0x0000000084100000, 0x0000000084200000, 0x0000000084200000|100%| O|  |TAMS 0x0000000084100000| PB 0x0000000084100000| Untracked |  0
|  22|0x0000000084200000, 0x0000000084300000, 0x0000000084300000|100%| O|  |TAMS 0x0000000084200000| PB 0x0000000084200000| Untracked |  0
|  23|0x0000000084300000, 0x0000000084400000, 0x0000000084400000|100%| O|  |TAMS 0x0000000084300000| PB 0x0000000084300000| Untracked |  0
|  24|0x0000000084400000, 0x0000000084400000, 0x0000000084500000|  0%| F|  |TAMS 0x0000000084400000| PB 0x0000000084400000| Untracked |  0
|  25|0x0000000084500000, 0x0000000084500000, 0x0000000084600000|  0%| F|  |TAMS 0x0000000084500000| PB 0x0000000084500000| Untracked |  0
|  26|0x0000000084600000, 0x0000000084600000, 0x0000000084700000|  0%| F|  |TAMS 0x0000000084600000| PB 0x0000000084600000| Untracked |  0
|  27|0x0000000084700000, 0x0000000084700000, 0x0000000084800000|  0%| F|  |TAMS 0x0000000084700000| PB 0x0000000084700000| Untracked |  0
|  28|0x0000000084800000, 0x0000000084900000, 0x0000000084900000|100%| O|  |TAMS 0x0000000084800000| PB 0x0000000084800000| Untracked |  0
|  29|0x0000000084900000, 0x00000000849e0200, 0x0000000084a00000| 87%| O|  |TAMS 0x0000000084900000| PB 0x0000000084900000| Untracked |  0
|  30|0x0000000084a00000, 0x0000000084a00000, 0x0000000084b00000|  0%| F|  |TAMS 0x0000000084a00000| PB 0x0000000084a00000| Untracked |  0
|  31|0x0000000084b00000, 0x0000000084b3b250, 0x0000000084c00000| 23%| S|CS|TAMS 0x0000000084b00000| PB 0x0000000084b00000| Complete |  0
|  32|0x0000000084c00000, 0x0000000084d00000, 0x0000000084d00000|100%| S|CS|TAMS 0x0000000084c00000| PB 0x0000000084c00000| Complete |  0
|  33|0x0000000084d00000, 0x0000000084e00000, 0x0000000084e00000|100%| S|CS|TAMS 0x0000000084d00000| PB 0x0000000084d00000| Complete |  0
|  34|0x0000000084e00000, 0x0000000084e00000, 0x0000000084f00000|  0%| F|  |TAMS 0x0000000084e00000| PB 0x0000000084e00000| Untracked |  0
|  35|0x0000000084f00000, 0x0000000084f00000, 0x0000000085000000|  0%| F|  |TAMS 0x0000000084f00000| PB 0x0000000084f00000| Untracked |  0
|  36|0x0000000085000000, 0x0000000085000000, 0x0000000085100000|  0%| F|  |TAMS 0x0000000085000000| PB 0x0000000085000000| Untracked |  0
|  37|0x0000000085100000, 0x0000000085100000, 0x0000000085200000|  0%| F|  |TAMS 0x0000000085100000| PB 0x0000000085100000| Untracked |  0
|  38|0x0000000085200000, 0x0000000085200000, 0x0000000085300000|  0%| F|  |TAMS 0x0000000085200000| PB 0x0000000085200000| Untracked |  0
|  39|0x0000000085300000, 0x0000000085300000, 0x0000000085400000|  0%| F|  |TAMS 0x0000000085300000| PB 0x0000000085300000| Untracked |  0
|  40|0x0000000085400000, 0x0000000085400000, 0x0000000085500000|  0%| F|  |TAMS 0x0000000085400000| PB 0x0000000085400000| Untracked |  0
|  41|0x0000000085500000, 0x0000000085500000, 0x0000000085600000|  0%| F|  |TAMS 0x0000000085500000| PB 0x0000000085500000| Untracked |  0
|  42|0x0000000085600000, 0x0000000085600000, 0x0000000085700000|  0%| F|  |TAMS 0x0000000085600000| PB 0x0000000085600000| Untracked |  0
|  43|0x0000000085700000, 0x0000000085700000, 0x0000000085800000|  0%| F|  |TAMS 0x0000000085700000| PB 0x0000000085700000| Untracked |  0
|  44|0x0000000085800000, 0x0000000085800000, 0x0000000085900000|  0%| F|  |TAMS 0x0000000085800000| PB 0x0000000085800000| Untracked |  0
|  45|0x0000000085900000, 0x0000000085900000, 0x0000000085a00000|  0%| F|  |TAMS 0x0000000085900000| PB 0x0000000085900000| Untracked |  0
|  46|0x0000000085a00000, 0x0000000085a00000, 0x0000000085b00000|  0%| F|  |TAMS 0x0000000085a00000| PB 0x0000000085a00000| Untracked |  0
|  47|0x0000000085b00000, 0x0000000085b00000, 0x0000000085c00000|  0%| F|  |TAMS 0x0000000085b00000| PB 0x0000000085b00000| Untracked |  0
|  48|0x0000000085c00000, 0x0000000085c00000, 0x0000000085d00000|  0%| F|  |TAMS 0x0000000085c00000| PB 0x0000000085c00000| Untracked |  0
|  49|0x0000000085d00000, 0x0000000085d7bb70, 0x0000000085e00000| 48%| E|  |TAMS 0x0000000085d00000| PB 0x0000000085d00000| Complete |  0
|  50|0x0000000085e00000, 0x0000000085f00000, 0x0000000085f00000|100%| E|CS|TAMS 0x0000000085e00000| PB 0x0000000085e00000| Complete |  0
|  83|0x0000000087f00000, 0x0000000088000000, 0x0000000088000000|100%| E|CS|TAMS 0x0000000087f00000| PB 0x0000000087f00000| Complete |  0
|  84|0x0000000088000000, 0x0000000088100000, 0x0000000088100000|100%| E|CS|TAMS 0x0000000088000000| PB 0x0000000088000000| Complete |  0
|  85|0x0000000088100000, 0x0000000088200000, 0x0000000088200000|100%| E|CS|TAMS 0x0000000088100000| PB 0x0000000088100000| Complete |  0
|  86|0x0000000088200000, 0x0000000088300000, 0x0000000088300000|100%| E|CS|TAMS 0x0000000088200000| PB 0x0000000088200000| Complete |  0
|  87|0x0000000088300000, 0x0000000088400000, 0x0000000088400000|100%| E|CS|TAMS 0x0000000088300000| PB 0x0000000088300000| Complete |  0
| 125|0x000000008a900000, 0x000000008aa00000, 0x000000008aa00000|100%| E|CS|TAMS 0x000000008a900000| PB 0x000000008a900000| Complete |  0
|1997|0x00000000ff900000, 0x00000000ffa00000, 0x00000000ffa00000|100%| O|  |TAMS 0x00000000ff900000| PB 0x00000000ff900000| Untracked |  0
|1998|0x00000000ffa00000, 0x00000000ffb00000, 0x00000000ffb00000|100%| O|  |TAMS 0x00000000ffa00000| PB 0x00000000ffa00000| Untracked |  0
|1999|0x00000000ffb00000, 0x00000000ffc00000, 0x00000000ffc00000|100%| O|  |TAMS 0x00000000ffb00000| PB 0x00000000ffb00000| Untracked |  0
|2000|0x00000000ffc00000, 0x00000000ffd00000, 0x00000000ffd00000|100%| O|  |TAMS 0x00000000ffc00000| PB 0x00000000ffc00000| Untracked |  0
|2001|0x00000000ffd00000, 0x00000000ffe00000, 0x00000000ffe00000|100%| O|  |TAMS 0x00000000ffd00000| PB 0x00000000ffd00000| Untracked |  0
|2002|0x00000000ffe00000, 0x00000000fff00000, 0x00000000fff00000|100%| O|  |TAMS 0x00000000ffe00000| PB 0x00000000ffe00000| Untracked |  0
|2003|0x00000000fff00000, 0x00000000fffff838, 0x0000000100000000| 99%| E|  |TAMS 0x00000000fff00000| PB 0x00000000fff00000| Complete |  0

Card table byte_map: [0x00000185d0dd0000,0x00000185d11c0000] _byte_map_base: 0x00000185d09ba000

Marking Bits: (CMBitMap*) 0x00000185b8b16860
 Bits: [0x00000185d11c0000, 0x00000185d3110000)

Polling page: 0x00000185b68b0000

Metaspace:

Usage:
  Non-class:     59.34 MB used.
      Class:      7.15 MB used.
       Both:     66.49 MB used.

Virtual space:
  Non-class space:       64.00 MB reserved,      59.69 MB ( 93%) committed,  1 nodes.
      Class space:        1.00 GB reserved,       7.44 MB ( <1%) committed,  1 nodes.
             Both:        1.06 GB reserved,      67.12 MB (  6%) committed. 

Chunk freelists:
   Non-Class:  3.39 MB
       Class:  8.42 MB
        Both:  11.81 MB

MaxMetaspaceSize: unlimited
CompressedClassSpaceSize: 1.00 GB
Initial GC threshold: 21.00 MB
Current GC threshold: 98.75 MB
CDS: on
 - commit_granule_bytes: 65536.
 - commit_granule_words: 8192.
 - virtual_space_node_default_size: 8388608.
 - enlarge_chunks_in_place: 1.
UseCompressedClassPointers 1, UseCompactObjectHeaders 0
Narrow klass pointer bits 32, Max shift 3
Narrow klass base: 0x00000185d6000000, Narrow klass shift: 0
Encoding Range: [0x00000185d6000000 - 0x00000186d6000000), (4294967296 bytes)
Klass Range:    [0x00000185d6000000 - 0x0000018617000000), (1090519040 bytes)
Klass ID Range:  [8 - 1090519033) (1090519025)


Internal statistics:

num_allocs_failed_limit: 9.
num_arena_births: 746.
num_arena_deaths: 0.
num_vsnodes_births: 2.
num_vsnodes_deaths: 0.
num_space_committed: 1074.
num_space_uncommitted: 0.
num_chunks_returned_to_freelist: 9.
num_chunks_taken_from_freelist: 3182.
num_chunk_merges: 9.
num_chunk_splits: 2331.
num_chunks_enlarged: 1878.
num_inconsistent_stats: 0.

CodeHeap 'non-profiled nmethods': size=120064Kb used=3156Kb max_used=3156Kb free=116907Kb
 bounds [0x00000185c9060000, 0x00000185c9380000, 0x00000185d05a0000]
CodeHeap 'profiled nmethods': size=120000Kb used=10241Kb max_used=10241Kb free=109758Kb
 bounds [0x00000185c15a0000, 0x00000185c1fb0000, 0x00000185c8ad0000]
CodeHeap 'non-nmethods': size=5696Kb used=1563Kb max_used=1638Kb free=4132Kb
 bounds [0x00000185c8ad0000, 0x00000185c8d40000, 0x00000185c9060000]
CodeCache: size=245760Kb, used=14960Kb, max_used=15035Kb, free=230797Kb
 total_blobs=6889, nmethods=6169, adapters=624, full_count=0
Compilation: enabled, stopped_count=0, restarted_count=0

Compilation events (20 events):
Event: 39.087 Thread 0x00000185d552a8f0 6920       1       org.springframework.boot.context.properties.ConfigurationPropertiesBinder$ConfigurationPropertiesBinderFactory::getObjectType (3 bytes)
Event: 39.087 Thread 0x00000185d552a8f0 nmethod 6920 0x00000185c9371508 code [0x00000185c9371620, 0x00000185c93716f0]
Event: 39.095 Thread 0x00000185d552a8f0 6921       3       java.lang.Class::getConstructor (13 bytes)
Event: 39.095 Thread 0x00000185d552a8f0 nmethod 6921 0x00000185c1f96908 code [0x00000185c1f96a80, 0x00000185c1f96f10]
Event: 39.104 Thread 0x00000185d552a8f0 6922   !   3       jdk.proxy2.$Proxy32::annotationType (28 bytes)
Event: 39.112 Thread 0x00000185d552a8f0 nmethod 6922 0x00000185c1f96f88 code [0x00000185c1f970c0, 0x00000185c1f974a0]
Event: 39.113 Thread 0x00000185d552a8f0 6923   !   3       jdk.proxy2.$Proxy43::annotationType (28 bytes)
Event: 39.113 Thread 0x00000185d552a8f0 nmethod 6923 0x00000185c1f97508 code [0x00000185c1f97640, 0x00000185c1f97a20]
Event: 39.121 Thread 0x00000185d552a8f0 6924       3       org.springframework.boot.context.properties.source.SpringIterableConfigurationPropertySource::getConfigurationPropertyNames (53 bytes)
Event: 39.123 Thread 0x00000185d552a8f0 nmethod 6924 0x00000185c1f97a88 code [0x00000185c1f97da0, 0x00000185c1f99808]
Event: 39.133 Thread 0x000001861b298e60 nmethod 6876 0x00000185c9371808 code [0x00000185c9371c60, 0x00000185c9374810]
Event: 39.135 Thread 0x000001861b298e60 6827 % !   4       org.springframework.beans.factory.support.DefaultListableBeanFactory::doGetBeanNamesForType @ 20 (527 bytes)
Event: 39.149 Thread 0x00000185d552a8f0 6925       3       org.springframework.beans.factory.support.AbstractAutowireCapableBeanFactory::applyBeanPostProcessorsBeforeInitialization (61 bytes)
Event: 39.150 Thread 0x00000185d552a8f0 nmethod 6925 0x00000185c1f99908 code [0x00000185c1f99a80, 0x00000185c1f9a150]
Event: 39.150 Thread 0x00000185d552a8f0 6926       3       org.springframework.beans.TypeConverterSupport::<init> (5 bytes)
Event: 39.150 Thread 0x00000185d552a8f0 nmethod 6926 0x00000185c1f9a188 code [0x00000185c1f9a2a0, 0x00000185c1f9a468]
Event: 39.150 Thread 0x00000185d552a8f0 6927       3       org.springframework.beans.PropertyEditorRegistrySupport::<init> (15 bytes)
Event: 39.150 Thread 0x00000185d552a8f0 nmethod 6927 0x00000185c1f9a508 code [0x00000185c1f9a620, 0x00000185c1f9a788]
Event: 39.188 Thread 0x00000185d552a8f0 6928   !   3       org.springframework.beans.factory.annotation.AutowiredAnnotationBeanPostProcessor::findAutowiringMetadata (124 bytes)
Event: 39.189 Thread 0x00000185d552a8f0 nmethod 6928 0x00000185c1f9a808 code [0x00000185c1f9aa20, 0x00000185c1f9b9f8]

GC Heap History (20 events):
Event: 26.765 GC heap before
{Heap before GC invocations=3 (full 0):
 garbage-first heap   total reserved 2052096K, committed 55296K, used 53334K [0x0000000082c00000, 0x0000000100000000)
  region size 1024K, 43 young (44032K), 5 survivors (5120K)
 Metaspace       used 25367K, committed 25664K, reserved 1114112K
  class space    used 2495K, committed 2624K, reserved 1048576K
}
Event: 26.775 GC heap after
{Heap after GC invocations=4 (full 0):
 garbage-first heap   total reserved 2052096K, committed 65536K, used 19290K [0x0000000082c00000, 0x0000000100000000)
  region size 1024K, 5 young (5120K), 5 survivors (5120K)
 Metaspace       used 25367K, committed 25664K, reserved 1114112K
  class space    used 2495K, committed 2624K, reserved 1048576K
}
Event: 27.577 GC heap before
{Heap before GC invocations=4 (full 0):
 garbage-first heap   total reserved 2052096K, committed 65536K, used 45914K [0x0000000082c00000, 0x0000000100000000)
  region size 1024K, 31 young (31744K), 5 survivors (5120K)
 Metaspace       used 29618K, committed 30016K, reserved 1114112K
  class space    used 3025K, committed 3200K, reserved 1048576K
}
Event: 27.586 GC heap after
{Heap after GC invocations=5 (full 0):
 garbage-first heap   total reserved 2052096K, committed 65536K, used 22101K [0x0000000082c00000, 0x0000000100000000)
  region size 1024K, 3 young (3072K), 3 survivors (3072K)
 Metaspace       used 29618K, committed 30016K, reserved 1114112K
  class space    used 3025K, committed 3200K, reserved 1048576K
}
Event: 28.586 GC heap before
{Heap before GC invocations=5 (full 0):
 garbage-first heap   total reserved 2052096K, committed 65536K, used 47701K [0x0000000082c00000, 0x0000000100000000)
  region size 1024K, 29 young (29696K), 3 survivors (3072K)
 Metaspace       used 33933K, committed 34368K, reserved 1114112K
  class space    used 3434K, committed 3648K, reserved 1048576K
}
Event: 28.592 GC heap after
{Heap after GC invocations=6 (full 0):
 garbage-first heap   total reserved 2052096K, committed 65536K, used 24186K [0x0000000082c00000, 0x0000000100000000)
  region size 1024K, 3 young (3072K), 3 survivors (3072K)
 Metaspace       used 33933K, committed 34368K, reserved 1114112K
  class space    used 3434K, committed 3648K, reserved 1048576K
}
Event: 28.862 GC heap before
{Heap before GC invocations=6 (full 0):
 garbage-first heap   total reserved 2052096K, committed 65536K, used 30330K [0x0000000082c00000, 0x0000000100000000)
  region size 1024K, 10 young (10240K), 3 survivors (3072K)
 Metaspace       used 35681K, committed 36096K, reserved 1114112K
  class space    used 3609K, committed 3776K, reserved 1048576K
}
Event: 28.866 GC heap after
{Heap after GC invocations=7 (full 0):
 garbage-first heap   total reserved 2052096K, committed 65536K, used 24437K [0x0000000082c00000, 0x0000000100000000)
  region size 1024K, 3 young (3072K), 3 survivors (3072K)
 Metaspace       used 35681K, committed 36096K, reserved 1114112K
  class space    used 3609K, committed 3776K, reserved 1048576K
}
Event: 29.909 GC heap before
{Heap before GC invocations=8 (full 0):
 garbage-first heap   total reserved 2052096K, committed 65536K, used 51061K [0x0000000082c00000, 0x0000000100000000)
  region size 1024K, 30 young (30720K), 3 survivors (3072K)
 Metaspace       used 43004K, committed 43456K, reserved 1114112K
  class space    used 4514K, committed 4736K, reserved 1048576K
}
Event: 29.914 GC heap after
{Heap after GC invocations=9 (full 0):
 garbage-first heap   total reserved 2052096K, committed 65536K, used 26502K [0x0000000082c00000, 0x0000000100000000)
  region size 1024K, 3 young (3072K), 3 survivors (3072K)
 Metaspace       used 43004K, committed 43456K, reserved 1114112K
  class space    used 4514K, committed 4736K, reserved 1048576K
}
Event: 31.066 GC heap before
{Heap before GC invocations=9 (full 0):
 garbage-first heap   total reserved 2052096K, committed 65536K, used 53126K [0x0000000082c00000, 0x0000000100000000)
  region size 1024K, 30 young (30720K), 3 survivors (3072K)
 Metaspace       used 50426K, committed 50880K, reserved 1114112K
  class space    used 5238K, committed 5440K, reserved 1048576K
}
Event: 31.072 GC heap after
{Heap after GC invocations=10 (full 0):
 garbage-first heap   total reserved 2052096K, committed 65536K, used 28500K [0x0000000082c00000, 0x0000000100000000)
  region size 1024K, 4 young (4096K), 4 survivors (4096K)
 Metaspace       used 50426K, committed 50880K, reserved 1114112K
  class space    used 5238K, committed 5440K, reserved 1048576K
}
Event: 31.986 GC heap before
{Heap before GC invocations=10 (full 0):
 garbage-first heap   total reserved 2052096K, committed 65536K, used 55124K [0x0000000082c00000, 0x0000000100000000)
  region size 1024K, 31 young (31744K), 4 survivors (4096K)
 Metaspace       used 58759K, committed 59328K, reserved 1114112K
  class space    used 6252K, committed 6528K, reserved 1048576K
}
Event: 31.993 GC heap after
{Heap after GC invocations=11 (full 0):
 garbage-first heap   total reserved 2052096K, committed 65536K, used 30085K [0x0000000082c00000, 0x0000000100000000)
  region size 1024K, 4 young (4096K), 4 survivors (4096K)
 Metaspace       used 58759K, committed 59328K, reserved 1114112K
  class space    used 6252K, committed 6528K, reserved 1048576K
}
Event: 33.007 GC heap before
{Heap before GC invocations=11 (full 0):
 garbage-first heap   total reserved 2052096K, committed 65536K, used 39301K [0x0000000082c00000, 0x0000000100000000)
  region size 1024K, 15 young (15360K), 4 survivors (4096K)
 Metaspace       used 60059K, committed 60608K, reserved 1114112K
  class space    used 6385K, committed 6656K, reserved 1048576K
}
Event: 33.011 GC heap after
{Heap after GC invocations=12 (full 0):
 garbage-first heap   total reserved 2052096K, committed 65536K, used 30222K [0x0000000082c00000, 0x0000000100000000)
  region size 1024K, 2 young (2048K), 2 survivors (2048K)
 Metaspace       used 60059K, committed 60608K, reserved 1114112K
  class space    used 6385K, committed 6656K, reserved 1048576K
}
Event: 38.364 GC heap before
{Heap before GC invocations=13 (full 0):
 garbage-first heap   total reserved 2052096K, committed 65536K, used 58894K [0x0000000082c00000, 0x0000000100000000)
  region size 1024K, 30 young (30720K), 2 survivors (2048K)
 Metaspace       used 64518K, committed 65088K, reserved 1114112K
  class space    used 6932K, committed 7168K, reserved 1048576K
}
Event: 38.370 GC heap after
{Heap after GC invocations=14 (full 0):
 garbage-first heap   total reserved 2052096K, committed 65536K, used 32503K [0x0000000082c00000, 0x0000000100000000)
  region size 1024K, 4 young (4096K), 4 survivors (4096K)
 Metaspace       used 64518K, committed 65088K, reserved 1114112K
  class space    used 6932K, committed 7168K, reserved 1048576K
}
Event: 39.104 GC heap before
{Heap before GC invocations=14 (full 0):
 garbage-first heap   total reserved 2052096K, committed 65536K, used 56055K [0x0000000082c00000, 0x0000000100000000)
  region size 1024K, 28 young (28672K), 4 survivors (4096K)
 Metaspace       used 67043K, committed 67712K, reserved 1114112K
  class space    used 7195K, committed 7488K, reserved 1048576K
}
Event: 39.112 GC heap after
{Heap after GC invocations=15 (full 0):
 garbage-first heap   total reserved 2052096K, committed 65536K, used 33901K [0x0000000082c00000, 0x0000000100000000)
  region size 1024K, 3 young (3072K), 3 survivors (3072K)
 Metaspace       used 67043K, committed 67712K, reserved 1114112K
  class space    used 7195K, committed 7488K, reserved 1048576K
}

Dll operation events (12 events):
Event: 0.075 Loaded shared library C:\Users\jhons\.jdks\corretto-24.0.2\bin\java.dll
Event: 0.130 Loaded shared library C:\Users\jhons\.jdks\corretto-24.0.2\bin\jsvml.dll
Event: 0.329 Loaded shared library C:\Users\jhons\.jdks\corretto-24.0.2\bin\zip.dll
Event: 0.333 Loaded shared library C:\Users\jhons\.jdks\corretto-24.0.2\bin\instrument.dll
Event: 0.340 Loaded shared library C:\Users\jhons\.jdks\corretto-24.0.2\bin\net.dll
Event: 0.343 Loaded shared library C:\Users\jhons\.jdks\corretto-24.0.2\bin\nio.dll
Event: 0.403 Loaded shared library C:\Users\jhons\.jdks\corretto-24.0.2\bin\zip.dll
Event: 8.811 Loaded shared library C:\Users\jhons\.jdks\corretto-24.0.2\bin\extnet.dll
Event: 10.078 Loaded shared library C:\Users\jhons\.jdks\corretto-24.0.2\bin\jimage.dll
Event: 16.069 Loaded shared library C:\Users\jhons\.jdks\corretto-24.0.2\bin\management.dll
Event: 16.070 Loaded shared library C:\Users\jhons\.jdks\corretto-24.0.2\bin\management_ext.dll
Event: 17.449 Loaded shared library C:\Users\jhons\.jdks\corretto-24.0.2\bin\sunmscapi.dll

Deoptimization events (20 events):
Event: 38.803 Thread 0x00000185d5f80ea0 Uncommon trap: trap_request=0xffffff76 fr.pc=0x00000185c9356a74 relative=0x00000000000011d4
Event: 38.803 Thread 0x00000185d5f80ea0 Uncommon trap: reason=predicate action=maybe_recompile pc=0x00000185c9356a74 method=org.springframework.core.annotation.AnnotationsScanner.processClassInheritedAnnotations(Ljava/lang/Object;Ljava/lang/Class;Lorg/springframework/core/annotation/Annotations
Event: 38.803 Thread 0x00000185d5f80ea0 DEOPT PACKING pc=0x00000185c9356a74 sp=0x00000042e51faeb0
Event: 38.803 Thread 0x00000185d5f80ea0 DEOPT UNPACKING pc=0x00000185c8be4102 sp=0x00000042e51fabd0 mode 2
Event: 38.803 Thread 0x00000185d5f80ea0 Uncommon trap: trap_request=0xffffff76 fr.pc=0x00000185c935f16c relative=0x0000000000000d2c
Event: 38.803 Thread 0x00000185d5f80ea0 Uncommon trap: reason=predicate action=maybe_recompile pc=0x00000185c935f16c method=org.springframework.core.annotation.AnnotationsScanner.processClassInheritedAnnotations(Ljava/lang/Object;Ljava/lang/Class;Lorg/springframework/core/annotation/Annotations
Event: 38.803 Thread 0x00000185d5f80ea0 DEOPT PACKING pc=0x00000185c935f16c sp=0x00000042e51fad70
Event: 38.803 Thread 0x00000185d5f80ea0 DEOPT UNPACKING pc=0x00000185c8be4102 sp=0x00000042e51fac10 mode 2
Event: 38.808 Thread 0x00000185d5f80ea0 Uncommon trap: trap_request=0xffffff4d fr.pc=0x00000185c923a85c relative=0x000000000000073c
Event: 38.808 Thread 0x00000185d5f80ea0 Uncommon trap: reason=unstable_if action=reinterpret pc=0x00000185c923a85c method=org.springframework.core.annotation.AnnotationsScanner.processClassHierarchy(Ljava/lang/Object;[ILjava/lang/Class;Lorg/springframework/core/annotation/AnnotationsProcessor;Z
Event: 38.808 Thread 0x00000185d5f80ea0 DEOPT PACKING pc=0x00000185c923a85c sp=0x00000042e51fb7f0
Event: 38.808 Thread 0x00000185d5f80ea0 DEOPT UNPACKING pc=0x00000185c8be4102 sp=0x00000042e51fb808 mode 2
Event: 38.834 Thread 0x00000185d5f80ea0 Uncommon trap: trap_request=0xffffffde fr.pc=0x00000185c935fb6c relative=0x00000000000000cc
Event: 38.834 Thread 0x00000185d5f80ea0 Uncommon trap: reason=class_check action=maybe_recompile pc=0x00000185c935fb6c method=java.lang.reflect.Method.equals(Ljava/lang/Object;)Z @ 1 c2
Event: 38.834 Thread 0x00000185d5f80ea0 DEOPT PACKING pc=0x00000185c935fb6c sp=0x00000042e51faa00
Event: 38.834 Thread 0x00000185d5f80ea0 DEOPT UNPACKING pc=0x00000185c8be4102 sp=0x00000042e51fa988 mode 2
Event: 38.834 Thread 0x00000185d5f80ea0 Uncommon trap: trap_request=0xffffffde fr.pc=0x00000185c935fb6c relative=0x00000000000000cc
Event: 38.834 Thread 0x00000185d5f80ea0 Uncommon trap: reason=class_check action=maybe_recompile pc=0x00000185c935fb6c method=java.lang.reflect.Method.equals(Ljava/lang/Object;)Z @ 1 c2
Event: 38.834 Thread 0x00000185d5f80ea0 DEOPT PACKING pc=0x00000185c935fb6c sp=0x00000042e51faa00
Event: 38.834 Thread 0x00000185d5f80ea0 DEOPT UNPACKING pc=0x00000185c8be4102 sp=0x00000042e51fa988 mode 2

Classes loaded (20 events):
Event: 38.169 Loading class java/util/WeakHashMap$EntryIterator
Event: 38.169 Loading class java/util/WeakHashMap$EntryIterator done
Event: 38.237 Loading class java/lang/Package$1PackageInfoProxy
Event: 38.238 Loading class java/lang/Package$1PackageInfoProxy done
Event: 38.479 Loading class java/lang/invoke/WrongMethodTypeException
Event: 38.480 Loading class java/lang/invoke/WrongMethodTypeException done
Event: 38.520 Loading class java/lang/invoke/SerializedLambda
Event: 38.520 Loading class java/lang/invoke/SerializedLambda done
Event: 38.605 Loading class java/util/regex/Pattern$LookBehindEndNode
Event: 38.605 Loading class java/util/regex/Pattern$LookBehindEndNode done
Event: 38.606 Loading class java/util/regex/Pattern$Behind
Event: 38.612 Loading class java/util/regex/Pattern$Behind done
Event: 38.775 Loading class java/time/Duration$1
Event: 38.775 Loading class java/time/Duration$1 done
Event: 38.993 Loading class java/util/EnumMap$EntrySet
Event: 38.997 Loading class java/util/EnumMap$EntrySet done
Event: 38.997 Loading class java/util/EnumMap$EntryIterator
Event: 38.997 Loading class java/util/EnumMap$EnumMapIterator
Event: 38.997 Loading class java/util/EnumMap$EnumMapIterator done
Event: 38.997 Loading class java/util/EnumMap$EntryIterator done

Classes unloaded (0 events):
No events

Classes redefined (0 events):
No events

Internal exceptions (20 events):
Event: 31.296 Thread 0x00000185d5f80ea0 Exception <a 'java/lang/NoSuchMethodError'{0x0000000085e45308}: 'void java.lang.invoke.DirectMethodHandle$Holder.invokeStaticInit(java.lang.Object, java.lang.Object, java.lang.Object, java.lang.Object, java.lang.Object)'> (0x0000000085e45308) 
thrown [s\src\hotspot\share\interpreter\linkResolver.cpp, line 805]
Event: 32.699 Thread 0x00000185d5f80ea0 Exception <a 'java/lang/NoSuchMethodError'{0x0000000085c0bab0}: 'void java.lang.invoke.DirectMethodHandle$Holder.invokeInterface(java.lang.Object, java.lang.Object, int, java.lang.Object)'> (0x0000000085c0bab0) 
thrown [s\src\hotspot\share\interpreter\linkResolver.cpp, line 805]
Event: 32.703 Thread 0x00000185d5f80ea0 Exception <a 'java/lang/NoSuchMethodError'{0x0000000085c4c238}: 'java.lang.Object java.lang.invoke.DirectMethodHandle$Holder.newInvokeSpecial(java.lang.Object, java.lang.Object, int, java.lang.Object)'> (0x0000000085c4c238) 
thrown [s\src\hotspot\share\interpreter\linkResolver.cpp, line 805]
Event: 32.900 Thread 0x00000185d5f80ea0 Exception <a 'java/lang/NoSuchMethodError'{0x0000000085b163e8}: 'void java.lang.invoke.DirectMethodHandle$Holder.invokeSpecial(java.lang.Object, java.lang.Object, java.lang.Object, java.lang.Object, java.lang.Object, java.lang.Object, java.lang.Object, java.lang.Object)'> (0x0000000085b163e8) 
thrown [s\src\hotspot\share\interpreter\linkResolver.cpp, line 805]
Event: 32.901 Thread 0x00000185d5f80ea0 Exception <a 'java/lang/NoSuchMethodError'{0x0000000085b27f60}: 'java.lang.Object java.lang.invoke.DirectMethodHandle$Holder.newInvokeSpecial(java.lang.Object, java.lang.Object, java.lang.Object, java.lang.Object, java.lang.Object, java.lang.Object, java.lang.Object)'> (0x0000000085b27f60) 
thrown [s\src\hotspot\share\interpreter\linkResolver.cpp, line 805]
Event: 33.006 Thread 0x00000185d5f80ea0 Exception <a 'java/lang/NoSuchMethodError'{0x0000000085b6bb58}: 'void java.lang.invoke.DirectMethodHandle$Holder.invokeSpecial(java.lang.Object, java.lang.Object, int, java.lang.Object)'> (0x0000000085b6bb58) 
thrown [s\src\hotspot\share\interpreter\linkResolver.cpp, line 805]
Event: 33.252 Thread 0x00000185d5f80ea0 Exception <a 'java/lang/NoSuchMethodError'{0x000000008a9647d0}: 'int java.lang.invoke.DirectMethodHandle$Holder.invokeStatic(java.lang.Object, int, java.lang.Object)'> (0x000000008a9647d0) 
thrown [s\src\hotspot\share\interpreter\linkResolver.cpp, line 805]
Event: 33.259 Thread 0x00000185d5f80ea0 Exception <a 'java/lang/NoSuchMethodError'{0x000000008a9d8fd8}: 'java.lang.Object java.lang.invoke.DirectMethodHandle$Holder.newInvokeSpecial(java.lang.Object, java.lang.Object, java.lang.Object, java.lang.Object, java.lang.Object, java.lang.Object, java.lang.Object, java.lang.Object, java.lang.Object, java.lang.Object, java.lang.Object, java.lang.Object)'> (0x000000008a9d8fd8) 
thrown [s\src\hotspot\share\interpreter\linkResolver.cpp, line 805]
Event: 33.259 Thread 0x00000185d5f80ea0 Exception <a 'java/lang/NoSuchMethodError'{0x000000008a9e2d90}: 'java.lang.Object java.lang.invoke.Invokers$Holder.linkToTargetMethod(java.lang.Object, java.lang.Object, java.lang.Object, java.lang.Object, java.lang.Object, java.lang.Object, java.lang.Object, java.lang.Object, java.lang.Object, java.lang.Object, java.lang.Object, java.lang.Object)'> (0x000000008a9e2d90) 
thrown [s\src\hotspot\share\interpreter\linkResolver.cpp, line 805]
Event: 33.646 Thread 0x00000185d5f80ea0 Exception <a 'java/lang/IncompatibleClassChangeError'{0x00000000882e2ac0}: Found class java.lang.Object, but interface was expected> (0x00000000882e2ac0) 
thrown [s\src\hotspot\share\interpreter\linkResolver.cpp, line 872]
Event: 33.804 Thread 0x00000185d5f80ea0 Exception <a 'java/lang/NoSuchMethodError'{0x00000000881906f8}: 'java.lang.Object java.lang.invoke.DirectMethodHandle$Holder.newInvokeSpecial(java.lang.Object, java.lang.Object, int, java.lang.Object, int, java.lang.Object, java.lang.Object)'> (0x00000000881906f8) 
thrown [s\src\hotspot\share\interpreter\linkResolver.cpp, line 805]
Event: 36.668 Thread 0x00000185d5f80ea0 Exception <a 'java/lang/NoSuchMethodError'{0x0000000085600800}: 'void java.lang.invoke.Invokers$Holder.invokeExact_MT(java.lang.Object, java.lang.Object, java.lang.Object, java.lang.Object)'> (0x0000000085600800) 
thrown [s\src\hotspot\share\interpreter\linkResolver.cpp, line 805]
Event: 36.694 Thread 0x00000185d5f80ea0 Implicit null exception at 0x00000185c92fe680 to 0x00000185c92fe978
Event: 36.720 Thread 0x00000185d5f80ea0 Implicit null exception at 0x00000185c93219c0 to 0x00000185c93230b0
Event: 36.805 Thread 0x00000185d5f80ea0 Exception <a 'java/lang/IncompatibleClassChangeError'{0x0000000085315238}: Found class java.lang.Object, but interface was expected> (0x0000000085315238) 
thrown [s\src\hotspot\share\interpreter\linkResolver.cpp, line 872]
Event: 37.407 Thread 0x00000185d5f80ea0 Exception <a 'java/lang/IncompatibleClassChangeError'{0x00000000852c3818}: Found class java.lang.Object, but interface was expected> (0x00000000852c3818) 
thrown [s\src\hotspot\share\interpreter\linkResolver.cpp, line 872]
Event: 38.501 Thread 0x00000185d5f80ea0 Exception <a 'java/lang/IncompatibleClassChangeError'{0x000000008823b110}: Found class java.lang.Object, but interface was expected> (0x000000008823b110) 
thrown [s\src\hotspot\share\interpreter\linkResolver.cpp, line 872]
Event: 38.779 Thread 0x00000185d5f80ea0 Exception <a 'java/lang/NoSuchMethodError'{0x0000000085633098}: 'java.lang.Object java.lang.invoke.DirectMethodHandle$Holder.invokeVirtual(java.lang.Object, java.lang.Object, java.lang.Object, java.lang.Object, java.lang.Object, java.lang.Object, java.lang.Object)'> (0x0000000085633098) 
thrown [s\src\hotspot\share\interpreter\linkResolver.cpp, line 805]
Event: 38.782 Thread 0x00000185d5f80ea0 Exception <a 'java/lang/NoSuchMethodError'{0x0000000085680f38}: 'void java.lang.invoke.DirectMethodHandle$Holder.invokeStatic(java.lang.Object, java.lang.Object, java.lang.Object, java.lang.Object, java.lang.Object, java.lang.Object, java.lang.Object)'> (0x0000000085680f38) 
thrown [s\src\hotspot\share\interpreter\linkResolver.cpp, line 805]
Event: 38.998 Thread 0x00000185d5f80ea0 Exception <a 'java/lang/NoSuchMethodError'{0x000000008501fec0}: 'java.lang.Object java.lang.invoke.DirectMethodHandle$Holder.invokeVirtual(java.lang.Object, java.lang.Object, java.lang.Object, int)'> (0x000000008501fec0) 
thrown [s\src\hotspot\share\interpreter\linkResolver.cpp, line 805]

VM Operations (20 events):
Event: 31.746 Executing VM operation: HandshakeAllThreads (Deoptimize)
Event: 31.746 Executing VM operation: HandshakeAllThreads (Deoptimize) done
Event: 31.986 Executing VM operation: G1CollectForAllocation (G1 Evacuation Pause)
Event: 31.993 Executing VM operation: G1CollectForAllocation (G1 Evacuation Pause) done
Event: 33.007 Executing VM operation: CollectForMetadataAllocation (Metadata GC Threshold)
Event: 33.011 Executing VM operation: CollectForMetadataAllocation (Metadata GC Threshold) done
Event: 33.036 Executing VM operation: G1PauseRemark
Event: 33.041 Executing VM operation: G1PauseRemark done
Event: 33.049 Executing VM operation: G1PauseCleanup
Event: 33.049 Executing VM operation: G1PauseCleanup done
Event: 34.892 Executing VM operation: HandshakeAllThreads (Deoptimize)
Event: 34.892 Executing VM operation: HandshakeAllThreads (Deoptimize) done
Event: 38.247 Executing VM operation: HandshakeAllThreads (Deoptimize)
Event: 38.247 Executing VM operation: HandshakeAllThreads (Deoptimize) done
Event: 38.248 Executing VM operation: HandshakeAllThreads (Deoptimize)
Event: 38.248 Executing VM operation: HandshakeAllThreads (Deoptimize) done
Event: 38.364 Executing VM operation: G1CollectForAllocation (G1 Evacuation Pause)
Event: 38.370 Executing VM operation: G1CollectForAllocation (G1 Evacuation Pause) done
Event: 39.104 Executing VM operation: G1CollectForAllocation (G1 Evacuation Pause)
Event: 39.112 Executing VM operation: G1CollectForAllocation (G1 Evacuation Pause) done

Memory protections (0 events):
No events

Nmethod flushes (20 events):
Event: 33.039 Thread 0x00000185d5500e70 flushing  nmethod 0x00000185c1a2de88
Event: 33.039 Thread 0x00000185d5500e70 flushing  nmethod 0x00000185c1aa0708
Event: 33.039 Thread 0x00000185d5500e70 flushing  nmethod 0x00000185c1aa0c08
Event: 33.039 Thread 0x00000185d5500e70 flushing  nmethod 0x00000185c1ae5f08
Event: 33.039 Thread 0x00000185d5500e70 flushing  nmethod 0x00000185c1ae7e08
Event: 33.039 Thread 0x00000185d5500e70 flushing  nmethod 0x00000185c1ae8d08
Event: 33.039 Thread 0x00000185d5500e70 flushing  nmethod 0x00000185c1b90388
Event: 33.039 Thread 0x00000185d5500e70 flushing  nmethod 0x00000185c1b90708
Event: 33.039 Thread 0x00000185d5500e70 flushing  nmethod 0x00000185c1b94288
Event: 33.039 Thread 0x00000185d5500e70 flushing  nmethod 0x00000185c1b94988
Event: 33.039 Thread 0x00000185d5500e70 flushing  nmethod 0x00000185c1b95d08
Event: 33.039 Thread 0x00000185d5500e70 flushing  nmethod 0x00000185c1b97288
Event: 33.039 Thread 0x00000185d5500e70 flushing  nmethod 0x00000185c1b97608
Event: 33.039 Thread 0x00000185d5500e70 flushing  nmethod 0x00000185c1be2d08
Event: 33.039 Thread 0x00000185d5500e70 flushing  nmethod 0x00000185c1be3308
Event: 33.039 Thread 0x00000185d5500e70 flushing  nmethod 0x00000185c1c34008
Event: 33.039 Thread 0x00000185d5500e70 flushing  nmethod 0x00000185c1cad488
Event: 33.039 Thread 0x00000185d5500e70 flushing  nmethod 0x00000185c1d08b08
Event: 33.039 Thread 0x00000185d5500e70 flushing  nmethod 0x00000185c1d09b88
Event: 33.039 Thread 0x00000185d5500e70 flushing  nmethod 0x00000185c1d63708

Events (20 events):
Event: 24.881 Thread 0x000001861b316d80 Thread exited: 0x000001861b316d80
Event: 26.452 Thread 0x00000185d552a8f0 Thread added: 0x000001861b6901a0
Event: 27.379 Thread 0x00000185d552a8f0 Thread added: 0x000001861ccaa700
Event: 28.262 Thread 0x00000185d5f80ea0 Thread added: 0x000001861cb627e0
Event: 28.265 Thread 0x000001861cb627e0 Thread added: 0x000001861cb63680
Event: 28.274 Thread 0x00000185d5f80ea0 Thread added: 0x000001861cb64520
Event: 30.334 Thread 0x00000185d5f80ea0 Thread added: 0x000001861cb64c70
Event: 30.353 Thread 0x00000185d5f80ea0 Thread added: 0x000001861cb62f30
Event: 30.439 Thread 0x000001861ccaa700 Thread exited: 0x000001861ccaa700
Event: 30.456 Thread 0x000001861cb62f30 Thread added: 0x000001861cb653c0
Event: 30.794 Thread 0x00000185d552a8f0 Thread added: 0x000001861d7887f0
Event: 31.241 Thread 0x000001861d7887f0 Thread exited: 0x000001861d7887f0
Event: 31.399 Thread 0x000001861b6901a0 Thread exited: 0x000001861b6901a0
Event: 36.645 Thread 0x000001861cb653c0 Thread exited: 0x000001861cb653c0
Event: 36.697 Thread 0x00000185d552a8f0 Thread added: 0x000001861b298e60
Event: 37.275 Thread 0x000001861b298e60 Thread exited: 0x000001861b298e60
Event: 38.176 Thread 0x00000185d552a8f0 Thread added: 0x000001861b298e60
Event: 38.343 Thread 0x000001861b298e60 Thread exited: 0x000001861b298e60
Event: 38.548 Thread 0x00000185d552a8f0 Thread added: 0x000001861b298e60
Event: 38.877 Thread 0x00000185d552a8f0 Thread added: 0x000001861b8c3ff0


Dynamic libraries:
0x00007ff6d8e00000 - 0x00007ff6d8e0e000 	C:\Users\jhons\.jdks\corretto-24.0.2\bin\java.exe
0x00007fff83860000 - 0x00007fff83ac9000 	C:\WINDOWS\SYSTEM32\ntdll.dll
0x00007fff81b70000 - 0x00007fff81c39000 	C:\WINDOWS\System32\KERNEL32.DLL
0x00007fff80aa0000 - 0x00007fff80e93000 	C:\WINDOWS\System32\KERNELBASE.dll
0x00007fff80ea0000 - 0x00007fff80feb000 	C:\WINDOWS\System32\ucrtbase.dll
0x00007fff79c10000 - 0x00007fff79c2e000 	C:\Users\jhons\.jdks\corretto-24.0.2\bin\VCRUNTIME140.dll
0x00007fff77d10000 - 0x00007fff77d27000 	C:\Users\jhons\.jdks\corretto-24.0.2\bin\jli.dll
0x00007fff82420000 - 0x00007fff825e4000 	C:\WINDOWS\System32\USER32.dll
0x00007fff614b0000 - 0x00007fff61743000 	C:\WINDOWS\WinSxS\amd64_microsoft.windows.common-controls_6595b64144ccf1df_6.0.26100.5074_none_3e0d6f78e32fd63f\COMCTL32.dll
0x00007fff81200000 - 0x00007fff81227000 	C:\WINDOWS\System32\win32u.dll
0x00007fff82a50000 - 0x00007fff82af9000 	C:\WINDOWS\System32\msvcrt.dll
0x00007fff81d20000 - 0x00007fff81d4b000 	C:\WINDOWS\System32\GDI32.dll
0x00007fff81500000 - 0x00007fff8162d000 	C:\WINDOWS\System32\gdi32full.dll
0x00007fff809f0000 - 0x00007fff80a93000 	C:\WINDOWS\System32\msvcp_win.dll
0x00007fff81680000 - 0x00007fff816af000 	C:\WINDOWS\System32\IMM32.DLL
0x00007fff79c00000 - 0x00007fff79c0c000 	C:\Users\jhons\.jdks\corretto-24.0.2\bin\vcruntime140_1.dll
0x00007fff54e50000 - 0x00007fff54ed9000 	C:\Users\jhons\.jdks\corretto-24.0.2\bin\msvcp140.dll
0x00007ffedcdf0000 - 0x00007ffeddc65000 	C:\Users\jhons\.jdks\corretto-24.0.2\bin\server\jvm.dll
0x00007fff82360000 - 0x00007fff82414000 	C:\WINDOWS\System32\ADVAPI32.dll
0x00007fff82920000 - 0x00007fff829c6000 	C:\WINDOWS\System32\sechost.dll
0x00007fff82700000 - 0x00007fff82818000 	C:\WINDOWS\System32\RPCRT4.dll
0x00007fff81ee0000 - 0x00007fff81f54000 	C:\WINDOWS\System32\WS2_32.dll
0x00007fff80850000 - 0x00007fff808ae000 	C:\WINDOWS\SYSTEM32\POWRPROF.dll
0x00007fff6f000000 - 0x00007fff6f00b000 	C:\WINDOWS\SYSTEM32\VERSION.dll
0x00007fff61470000 - 0x00007fff614a5000 	C:\WINDOWS\SYSTEM32\WINMM.dll
0x00007fff80830000 - 0x00007fff80844000 	C:\WINDOWS\SYSTEM32\UMPDC.dll
0x00007fff7f7d0000 - 0x00007fff7f7eb000 	C:\WINDOWS\SYSTEM32\kernel.appcore.dll
0x00007fff77040000 - 0x00007fff7704a000 	C:\Users\jhons\.jdks\corretto-24.0.2\bin\jimage.dll
0x00007fff7a920000 - 0x00007fff7ab62000 	C:\WINDOWS\SYSTEM32\DBGHELP.DLL
0x00007fff834a0000 - 0x00007fff8381b000 	C:\WINDOWS\System32\combase.dll
0x00007fff81c40000 - 0x00007fff81d17000 	C:\WINDOWS\System32\OLEAUT32.dll
0x00007fff60d90000 - 0x00007fff60dcd000 	C:\WINDOWS\SYSTEM32\dbgcore.DLL
0x00007fff81230000 - 0x00007fff812c9000 	C:\WINDOWS\System32\bcryptPrimitives.dll
0x00007fff76b90000 - 0x00007fff76ba0000 	C:\Users\jhons\.jdks\corretto-24.0.2\bin\instrument.dll
0x00007fff76bb0000 - 0x00007fff76bcf000 	C:\Users\jhons\.jdks\corretto-24.0.2\bin\java.dll
0x00007fff81f60000 - 0x00007fff820f8000 	C:\WINDOWS\System32\ole32.dll
0x00007fff82b60000 - 0x00007fff832ad000 	C:\WINDOWS\System32\SHELL32.dll
0x00007fff81390000 - 0x00007fff814fc000 	C:\WINDOWS\System32\wintypes.dll
0x00007fff7e690000 - 0x00007fff7eee9000 	C:\WINDOWS\SYSTEM32\windows.storage.dll
0x00007fff82820000 - 0x00007fff82910000 	C:\WINDOWS\System32\SHCORE.dll
0x00007fff825f0000 - 0x00007fff82652000 	C:\WINDOWS\System32\shlwapi.dll
0x00007fff80910000 - 0x00007fff80939000 	C:\WINDOWS\SYSTEM32\profapi.dll
0x00007fff54d70000 - 0x00007fff54e47000 	C:\Users\jhons\.jdks\corretto-24.0.2\bin\jsvml.dll
0x00007fff76b20000 - 0x00007fff76b37000 	C:\Users\jhons\.jdks\corretto-24.0.2\bin\zip.dll
0x00007fff76b70000 - 0x00007fff76b81000 	C:\Users\jhons\.jdks\corretto-24.0.2\bin\net.dll
0x00007fff7fd50000 - 0x00007fff7fdbb000 	C:\WINDOWS\system32\mswsock.dll
0x00007fff76b50000 - 0x00007fff76b66000 	C:\Users\jhons\.jdks\corretto-24.0.2\bin\nio.dll
0x00007fff76b00000 - 0x00007fff76b09000 	C:\Users\jhons\.jdks\corretto-24.0.2\bin\extnet.dll
0x00007fff6f800000 - 0x00007fff6f80a000 	C:\Users\jhons\.jdks\corretto-24.0.2\bin\management.dll
0x00007fff6eb40000 - 0x00007fff6eb4c000 	C:\Users\jhons\.jdks\corretto-24.0.2\bin\management_ext.dll
0x00007fff81e10000 - 0x00007fff81e18000 	C:\WINDOWS\System32\PSAPI.DLL
0x00007fff76b10000 - 0x00007fff76b1e000 	C:\Users\jhons\.jdks\corretto-24.0.2\bin\sunmscapi.dll
0x00007fff80ff0000 - 0x00007fff81167000 	C:\WINDOWS\System32\CRYPT32.dll
0x00007fff80210000 - 0x00007fff80240000 	C:\WINDOWS\SYSTEM32\ncrypt.dll
0x00007fff801c0000 - 0x00007fff801ff000 	C:\WINDOWS\SYSTEM32\NTASN1.dll
0x00007fff7fff0000 - 0x00007fff8000b000 	C:\WINDOWS\SYSTEM32\CRYPTSP.dll
0x00007fff7f730000 - 0x00007fff7f76b000 	C:\WINDOWS\system32\rsaenh.dll
0x00007fff7fdf0000 - 0x00007fff7fe1b000 	C:\WINDOWS\SYSTEM32\USERENV.dll
0x00007fff808e0000 - 0x00007fff80906000 	C:\WINDOWS\SYSTEM32\bcrypt.dll
0x00007fff80010000 - 0x00007fff8001c000 	C:\WINDOWS\SYSTEM32\CRYPTBASE.dll
0x00007fff7f240000 - 0x00007fff7f274000 	C:\WINDOWS\SYSTEM32\IPHLPAPI.DLL
0x00007fff82660000 - 0x00007fff8266a000 	C:\WINDOWS\System32\NSI.dll
0x00007fff7f2e0000 - 0x00007fff7f406000 	C:\WINDOWS\SYSTEM32\DNSAPI.dll
0x00007fff67a50000 - 0x00007fff67a5b000 	C:\Windows\System32\rasadhlp.dll
0x00007fff730e0000 - 0x00007fff73166000 	C:\WINDOWS\System32\fwpuclnt.dll

JVMTI agents:
C:\Program Files\JetBrains\IntelliJ IDEA 2025.2.1\lib\idea_rt.jar path:C:\Users\jhons\.jdks\corretto-24.0.2\bin\instrument.dll, loaded, initialized, instrumentlib options:50669

dbghelp: loaded successfully - version: 4.0.5 - missing functions: none
symbol engine: initialized successfully - sym options: 0x614 - pdb path: .;C:\Users\jhons\.jdks\corretto-24.0.2\bin;C:\WINDOWS\SYSTEM32;C:\WINDOWS\WinSxS\amd64_microsoft.windows.common-controls_6595b64144ccf1df_6.0.26100.5074_none_3e0d6f78e32fd63f;C:\Users\jhons\.jdks\corretto-24.0.2\bin\server

VM Arguments:
jvm_args: -javaagent:C:\Program Files\JetBrains\IntelliJ IDEA 2025.2.1\lib\idea_rt.jar=50669 -Dfile.encoding=UTF-8 -Dsun.stdout.encoding=UTF-8 -Dsun.stderr.encoding=UTF-8 
java_command: com.CertiSafe.secu.SecuApplication
java_class_path (initial): C:\Users\jhons\Documents\ProyectosFabricaSoft\CertiSafe\CertiSafeBack\target\classes;C:\Users\jhons\.m2\repository\org\springframework\boot\spring-boot-starter-data-jpa\4.1.0\spring-boot-starter-data-jpa-4.1.0.jar;C:\Users\jhons\.m2\repository\org\springframework\boot\spring-boot-starter\4.1.0\spring-boot-starter-4.1.0.jar;C:\Users\jhons\.m2\repository\org\springframework\boot\spring-boot-starter-logging\4.1.0\spring-boot-starter-logging-4.1.0.jar;C:\Users\jhons\.m2\repository\ch\qos\logback\logback-classic\1.5.34\logback-classic-1.5.34.jar;C:\Users\jhons\.m2\repository\ch\qos\logback\logback-core\1.5.34\logback-core-1.5.34.jar;C:\Users\jhons\.m2\repository\org\apache\logging\log4j\log4j-to-slf4j\2.25.4\log4j-to-slf4j-2.25.4.jar;C:\Users\jhons\.m2\repository\org\apache\logging\log4j\log4j-api\2.25.4\log4j-api-2.25.4.jar;C:\Users\jhons\.m2\repository\org\slf4j\jul-to-slf4j\2.0.18\jul-to-slf4j-2.0.18.jar;C:\Users\jhons\.m2\repository\jakarta\annotation\jakarta.annotation-api\3.0.0\jakarta.annotation-api-3.0.0.jar;C:\Users\jhons\.m2\repository\org\yaml\snakeyaml\2.6\snakeyaml-2.6.jar;C:\Users\jhons\.m2\repository\org\springframework\boot\spring-boot-starter-jdbc\4.1.0\spring-boot-starter-jdbc-4.1.0.jar;C:\Users\jhons\.m2\repository\com\zaxxer\HikariCP\7.0.2\HikariCP-7.0.2.jar;C:\Users\jhons\.m2\repository\org\slf4j\slf4j-api\2.0.18\slf4j-api-2.0.18.jar;C:\Users\jhons\.m2\repository\org\springframework\boot\spring-boot-data-jpa\4.1.0\spring-boot-data-jpa-4.1.0.jar;C:\Users\jhons\.m2\repository\org\springframework\boot\spring-boot-data-commons\4.1.0\spring-boot-data-commons-4.1.0.jar;C:\Users\jhons\.m2\repository\org\springframework\boot\spring-boot-persistence\4.1.0\spring-boot-persistence-4.1.0.jar;C:\Users\jhons\.m2\repository\org\springframework\data\spring-data-commons\4.1.0\spring-data-commons-4.1.0.jar;C:\Users\jhons\.m2\repository\org\springframework\boot\spring-boot-hibernate\4.1.0\spring-boot-hibernate-4.1.0.jar;C:\Users\jhons\.m2\repository\org\springframework\boot\spring-boot-jpa\4.1.0\spring-boot-jpa-4.1.0.jar;C:\Users\jhons\.m2\repository\jakarta\persistence\jakarta.persistence-api\3.2.0\jakarta.persistence-api-3.2.0.jar;C:\Users\jhons\.m2\repository\org\hibernate\orm\hibernate-core\7.4.1.Final\hibernate-core-7.4.1.Final.jar;C:\Users\jhons\.m2\repository\jakarta\transaction\jakarta.transaction-api\2.0.1\jakarta.transaction-api-2.0.1.jar;C:\Users\jhons\.m2\repository\org\jboss\logging\jboss-logging\3.6.3.Final\jboss-logging-3.6.3.Final.jar;C:\Users\jhons\.m2\repository\org\hibernate\models\hibernate-models\1.1.1\hibernate-models-1.1.1.jar;C:\Users\jhons\.m2\repository\org\glassfish\jaxb\jaxb-runtime\4.0.9\jaxb-runtime-4.0.9.jar;C:\Users\jhons\.m2\repository\org\glassfish\jaxb\jaxb-core\4.0.9\jaxb-core-4.0.9.jar;C:\Users\jhons\.m2\repository\org\eclipse\angus\angus-activation\2.0.3\angus-activation-2.0.3.jar;C:\Users\jhons\.m2\repository\org\glassfish\jaxb\txw2\4.0.9\txw2-4.0.9.jar;C:\Users\jhons\.m2\repository\com\sun\istack\istack-commons-runtime\4.1.2\istack-commons-runtime-4.1.2.jar;C:\Users\jhons\.m2\repository\jakarta\inject\jakarta.inject-api\2.0.1\jakarta.inject-api-2.0.1.jar;C:\Users\jhons\.m2\repository\org\springframework\spring-orm\7.0.8\spring-orm-7.0.8.jar;C:\Users\jhons\.m2\repository\org\springframework\data\spring-data-jpa\4.1.0\spring-data-jpa-4.1.0.jar;C:\Users\jhons\.m2\repository\org\springframework\spring-tx\7.0.8\spring-tx-7.0.8.jar;C:\Users\jhons\.m2\repository\org\antlr\antlr4-runtime\4.13.2\antlr4-runtime-4.13.2.jar;C:\Users\jhons\.m2\repository\org\springframework\spring-aspects\7.0.8\spring-aspects-7.0.8.jar;C:\Users\jhons\.m2\repository\org\aspectj\aspectjweaver\1.9.25.1\aspectjweaver-1.9.25.1.jar;C:\Users\jhons\.m2\repository\org\springframework\boot\spring-boot-jdbc\4.1.0\spring-boot-jdbc-4.1.0.jar;C:\Users\jhons\.m2\repository\org\springframework\boot\spring-boot-sql\4.1.0\spring-boot-sql-4.1.0.jar;C:\Users\jhons\.m2\repository\org\springframework\boot\spring-boot-transaction\4.1.0\spring-boot-transaction-4.1.0.jar;C:\Users\jhons\.m2\repository\org\springframework\spring-jdbc\7.0.8\spring-jdbc-7.0.8.jar;C:\Users\jhons\.m2\repository\org\springframework\boot\spring-boot-starter-security\4.1.0\spring-boot-starter-security-4.1.0.jar;C:\Users\jhons\.m2\repository\org\springframework\boot\spring-boot-security\4.1.0\spring-boot-security-4.1.0.jar;C:\Users\jhons\.m2\repository\org\springframework\security\spring-security-config\7.1.0\spring-security-config-7.1.0.jar;C:\Users\jhons\.m2\repository\org\springframework\security\spring-security-core\7.1.0\spring-security-core-7.1.0.jar;C:\Users\jhons\.m2\repository\org\springframework\security\spring-security-crypto\7.1.0\spring-security-crypto-7.1.0.jar;C:\Users\jhons\.m2\repository\org\springframework\security\spring-security-web\7.1.0\spring-security-web-7.1.0.jar;C:\Users\jhons\.m2\repository\org\springframework\spring-expression\7.0.8\spring-expression-7.0.8.jar;C:\Users\jhons\.m2\repository\org\springframework\spring-aop\7.0.8\spring-aop-7.0.8.jar;C:\Users\jhons\.m2\repository\org\springframework\spring-beans\7.0.8\spring-beans-7.0.8.jar;C:\Users\jhons\.m2\repository\org\springframework\spring-core\7.0.8\spring-core-7.0.8.jar;C:\Users\jhons\.m2\repository\commons-logging\commons-logging\1.3.6\commons-logging-1.3.6.jar;C:\Users\jhons\.m2\repository\org\jspecify\jspecify\1.0.0\jspecify-1.0.0.jar;C:\Users\jhons\.m2\repository\org\springframework\boot\spring-boot-starter-webmvc\4.1.0\spring-boot-starter-webmvc-4.1.0.jar;C:\Users\jhons\.m2\repository\org\springframework\boot\spring-boot-starter-jackson\4.1.0\spring-boot-starter-jackson-4.1.0.jar;C:\Users\jhons\.m2\repository\org\springframework\boot\spring-boot-jackson\4.1.0\spring-boot-jackson-4.1.0.jar;C:\Users\jhons\.m2\repository\tools\jackson\core\jackson-databind\3.1.4\jackson-databind-3.1.4.jar;C:\Users\jhons\.m2\repository\com\fasterxml\jackson\core\jackson-annotations\2.21\jackson-annotations-2.21.jar;C:\Users\jhons\.m2\repository\tools\jackson\core\jackson-core\3.1.4\jackson-core-3.1.4.jar;C:\Users\jhons\.m2\repository\org\springframework\boot\spring-boot-starter-tomcat\4.1.0\spring-boot-starter-tomcat-4.1.0.jar;C:\Users\jhons\.m2\repository\org\springframework\boot\spring-boot-starter-tomcat-runtime\4.1.0\spring-boot-starter-tomcat-runtime-4.1.0.jar;C:\Users\jhons\.m2\repository\org\apache\tomcat\embed\tomcat-embed-core\11.0.22\tomcat-embed-core-11.0.22.jar;C:\Users\jhons\.m2\repository\org\apache\tomcat\embed\tomcat-embed-el\11.0.22\tomcat-embed-el-11.0.22.jar;C:\Users\jhons\.m2\repository\org\apache\tomcat\embed\tomcat-embed-websocket\11.0.22\tomcat-embed-websocket-11.0.22.jar;C:\Users\jhons\.m2\repository\org\springframework\boot\spring-boot-tomcat\4.1.0\spring-boot-tomcat-4.1.0.jar;C:\Users\jhons\.m2\repository\org\springframework\boot\spring-boot-http-converter\4.1.0\spring-boot-http-converter-4.1.0.jar;C:\Users\jhons\.m2\repository\org\springframework\spring-web\7.0.8\spring-web-7.0.8.jar;C:\Users\jhons\.m2\repository\io\micrometer\micrometer-observation\1.17.0\micrometer-observation-1.17.0.jar;C:\Users\jhons\.m2\repository\io\micrometer\micrometer-commons\1.17.0\micrometer-commons-1.17.0.jar;C:\Users\jhons\.m2\repository\org\springframework\boot\spring-boot-webmvc\4.1.0\spring-boot-webmvc-4.1.0.jar;C:\Users\jhons\.m2\repository\org\springframework\boot\spring-boot-servlet\4.1.0\spring-boot-servlet-4.1.0.jar;C:\Users\jhons\.m2\repository\org\springframework\spring-webmvc\7.0.8\spring-webmvc-7.0.8.jar;C:\Users\jhons\.m2\repository\org\springframework\boot\spring-boot-devtools\4.1.0\spring-boot-devtools-4.1.0.jar;C:\Users\jhons\.m2\repository\org\springframework\boot\spring-boot\4.1.0\spring-boot-4.1.0.jar;C:\Users\jhons\.m2\repository\org\springframework\spring-context\7.0.8\spring-context-7.0.8.jar;C:\Users\jhons\.m2\repository\org\springframework\boot\spring-boot-autoconfigure\4.1.0\spring-boot-autoconfigure-4.1.0.jar;C:\Users\jhons\.m2\repository\org\postgresql\postgresql\42.7.11\postgresql-42.7.11.jar;C:\Users\jhons\.m2\repository\org\projectlombok\lombok\1.18.46\lombok-1.18.46.jar;C:\Users\jhons\.m2\repository\jakarta\xml\bind\jakarta.xml.bind-api\4.0.5\jakarta.xml.bind-api-4.0.5.jar;C:\Users\jhons\.m2\repository\jakarta\activation\jakarta.activation-api\2.1.4\jakarta.activation-api-2.1.4.jar;C:\Users\jhons\.m2\repository\net\bytebuddy\byte-buddy\1.18.10\byte-buddy-1.18.10.jar;C:\Users\jhons\.m2\repository\org\springframework\boot\spring-boot-web-server\4.1.0\spring-boot-web-server-4.1.0.jar
Launcher Type: SUN_STANDARD

[Global flags]
     intx CICompilerCount                          = 4                                         {product} {ergonomic}
     uint ConcGCThreads                            = 2                                         {product} {ergonomic}
     uint G1ConcRefinementThreads                  = 8                                         {product} {ergonomic}
   size_t G1HeapRegionSize                         = 1048576                                   {product} {ergonomic}
   size_t InitialHeapSize                          = 132120576                                 {product} {ergonomic}
   size_t MarkStackSize                            = 4194304                                   {product} {ergonomic}
   size_t MarkStackSizeMax                         = 536870912                                 {product} {ergonomic}
   size_t MaxHeapSize                              = 2101346304                                {product} {ergonomic}
   size_t MaxNewSize                               = 1260388352                                {product} {ergonomic}
   size_t MinHeapDeltaBytes                        = 1048576                                   {product} {ergonomic}
   size_t MinHeapSize                              = 8388608                                   {product} {ergonomic}
    uintx NonNMethodCodeHeapSize                   = 5832704                                {pd product} {ergonomic}
    uintx NonProfiledCodeHeapSize                  = 122945536                              {pd product} {ergonomic}
    uintx ProfiledCodeHeapSize                     = 122880000                              {pd product} {ergonomic}
    uintx ReservedCodeCacheSize                    = 251658240                              {pd product} {ergonomic}
     bool SegmentedCodeCache                       = true                                      {product} {ergonomic}
   size_t SoftMaxHeapSize                          = 2101346304                             {manageable} {ergonomic}
     bool UseCompressedOops                        = true                           {product lp64_product} {ergonomic}
     bool UseG1GC                                  = true                                      {product} {ergonomic}
     bool UseLargePagesIndividualAllocation        = false                                  {pd product} {ergonomic}

Logging:
Log output configuration:
 #0: stdout all=warning uptime,level,tags foldmultilines=false
 #1: stderr all=off uptime,level,tags foldmultilines=false

Environment Variables:
JAVA_HOME=C:\Program Files\Java\jdk-17
PATH=C:\WINDOWS\system32;C:\WINDOWS;C:\WINDOWS\System32\Wbem;C:\WINDOWS\System32\WindowsPowerShell\v1.0\;C:\WINDOWS\System32\OpenSSH\;C:\Program Files (x86)\Intel\Intel(R) Management Engine Components\DAL;C:\Program Files\Intel\Intel(R) Management Engine Components\DAL;C:\Program Files\Microsoft SQL Server\150\Tools\Binn\;C:\WINDOWS\system32;C:\WINDOWS;C:\WINDOWS\System32\Wbem;C:\WINDOWS\System32\WindowsPowerShell\v1.0\;C:\WINDOWS\System32\OpenSSH\;C:\xampp\php;C:\ProgramData\ComposerSetup\bin;C:\Program Files\Git\cmd;C:\Program Files\Java\jdk-17\bin;C:\Program Files\TOOLS\gradle-8.14.2\bin;%MAVEN_HOME%\bin;C:\Program Files\Microsoft SQL Server\Client SDK\ODBC\170\Tools\Binn\;C:\Program Files\dotnet\;C:\Program Files\nodejs\;C:\Users\jhons\AppData\Local\Microsoft\WindowsApps;C:\Users\jhons\AppData\Local\Programs\Microsoft VS Code\bin;C:\Users\jhons\AppData\Roaming\Composer\vendor\bin;C:\Program Files\JetBrains\IntelliJ IDEA 2025.2.1\bin;C:\Users\jhons\.dotnet\tools;C:\Users\jhons\AppData\Roaming\npm
USERNAME=jhons
OS=Windows_NT
PROCESSOR_IDENTIFIER=Intel64 Family 6 Model 142 Stepping 11, GenuineIntel
TMP=C:\Users\jhons\AppData\Local\Temp
TEMP=C:\Users\jhons\AppData\Local\Temp




Periodic native trim disabled

---------------  S Y S T E M  ---------------

OS:
 Windows 11 , 64 bit Build 26100 (10.0.26100.5074)
OS uptime: 2 days 16:55 hours

CPU: total 8 (initial active 8) (4 cores per cpu, 2 threads per core) family 6 model 142 stepping 11 microcode 0xde, cx8, cmov, fxsr, ht, mmx, 3dnowpref, sse, sse2, sse3, ssse3, sse4.1, sse4.2, popcnt, lzcnt, tsc, tscinvbit, avx, avx2, aes, erms, clmul, bmi1, bmi2, adx, fma, vzeroupper, clflush, clflushopt, rdtscp, f16c
Processor Information for the first 8 processors :
  Max Mhz: 1800, Current Mhz: 1600, Mhz Limit: 1584

Memory: 4k page, system-wide physical 8013M (925M free)
TotalPageFile size 16205M (AvailPageFile size 0M)
current process WorkingSet (physical memory assigned to process): 263M, peak: 263M
current process commit charge ("private bytes"): 299M, peak: 300M

vm_info: OpenJDK 64-Bit Server VM (24.0.2+12-FR) for windows-amd64 JRE (24.0.2+12-FR), built on 2025-07-11T01:41:34Z with unknown MS VC++:1944

END.
